// Jest Snapshot v1, https://goo.gl/fbAQLP

exports[`Pruebas en <FirstApp /> debe hacer match con el snapshot 1`] = `
<div>
  <h1
    data-testid="test-title"
  >
    Hola, soy un titulo
  </h1>
  <h2>
    No hay subt√≠tulo
  </h2>
</div>
`;
